exports[`TransactionListComponent Snapshots renders correctly while loading 1`] = `
<div
  className="transaction-list-spinner-container">
  <i
    aria-hidden="true"
    className="fa fa-circle-o-notch fa-spin fa-2x transaction-list-spinner" />
</div>
`;

exports[`TransactionListComponent Snapshots renders correctly with no transactions 1`] = `
<ul>
  <li>
    No Transactions For Account
  </li>
</ul>
`;

exports[`TransactionListComponent Snapshots renders correctly with transactions 1`] = `
<ul
  id="TransactionList">
  <li
    onClick={[Function]}>
    category-1
     : 
    1000
     : 
    2017-11-08T20:42:35.805Z
  </li>
</ul>
`;
