exports[`ErrorHandler Snapshots should render a populated ErrorHandler with errors 1`] = `
<div
  id="ErrorHandler">
  <div
    className="ErrorComponent"
    onClick={[Function]}>
    <h3
      className="heading">
      NETWORK ERROR
    </h3>
    <p
      className="body">
      There was a problem connecting to the server. Check your internet connection and try again.
    </p>
    <i
      aria-hidden="true"
      className="fa fa-times close" />
  </div>
</div>
`;

exports[`ErrorHandler Snapshots should render an empty ErrorHandler with no errors 1`] = `
<div
  id="ErrorHandler" />
`;
